[debug] [2026-09-14T11:50:51.055Z] ----------------------------------------------------------------------
[debug] [2026-09-14T11:50:51.057Z] Command:       C:\Program Files\nodejs\node.exe C:\Users\adith\AppData\Roaming\npm\node_modules\firebase-tools\lib\bin\firebase.js projects:create overtone --display-name Overtone
[debug] [2026-09-14T11:50:51.057Z] CLI Version:   15.1.0
[debug] [2026-09-14T11:50:51.057Z] Platform:      win32
[debug] [2026-09-14T11:50:51.057Z] Node Version:  v22.16.0
[debug] [2026-09-14T11:50:51.058Z] Time:          Mon Sep 14 2026 17:20:51 GMT+0530 (India Standard Time)
[debug] [2026-09-14T11:50:51.058Z] ----------------------------------------------------------------------
[debug] 
[debug] [2026-09-14T11:50:51.225Z] > command requires scopes: ["email","openid","https://www.googleapis.com/auth/cloudplatformprojects.readonly","https://www.googleapis.com/auth/firebase","https://www.googleapis.com/auth/cloud-platform"]
[debug] [2026-09-14T11:50:51.226Z] > authorizing via signed-in user (adithyamana5517@gmail.com)
[debug] [2026-09-14T11:50:51.229Z] Checked if tokens are valid: true, expires at: 1789390219136
[debug] [2026-09-14T11:50:51.229Z] Checked if tokens are valid: true, expires at: 1789390219136
[debug] [2026-09-14T11:50:51.230Z] >>> [apiv2][query] POST https://cloudresourcemanager.googleapis.com/v1/projects [none]
[debug] [2026-09-14T11:50:51.230Z] >>> [apiv2][body] POST https://cloudresourcemanager.googleapis.com/v1/projects {"projectId":"overtone","name":"Overtone"}
[debug] [2026-09-14T11:50:53.093Z] <<< [apiv2][status] POST https://cloudresourcemanager.googleapis.com/v1/projects 409
[debug] [2026-09-14T11:50:53.093Z] <<< [apiv2][body] POST https://cloudresourcemanager.googleapis.com/v1/projects {"error":{"code":409,"message":"Requested entity already exists","status":"ALREADY_EXISTS"}}
[debug] [2026-09-14T11:50:53.470Z] FirebaseError: Request to https://cloudresourcemanager.googleapis.com/v1/projects had HTTP Error: 409, Requested entity already exists
    at responseToError (C:\Users\adith\AppData\Roaming\npm\node_modules\firebase-tools\lib\responseToError.js:53:12)
    at RetryOperation._fn (C:\Users\adith\AppData\Roaming\npm\node_modules\firebase-tools\lib\apiv2.js:322:77)
    at process.processTicksAndRejections (node:internal/process/task_queues:105:5)
[error] 
[error] Error: Failed to create project because there is already a project with ID overtone. Please try again with a unique project ID.
